Archive member included to satisfy reference by file (symbol)

c:/st/stm32cubeide_1.6.1/stm32cubeide/plugins/com.st.stm32cube.ide.mcu.externaltools.gnu-tools-for-stm32.9-2020-q2-update.win32_2.0.0.202105311346/tools/bin/../lib/gcc/arm-none-eabi/9.3.1/../../../../arm-none-eabi/lib/thumb/v7-m/nofp\libc_nano.a(lib_a-errno.o)
                              ./Core/Src/syscalls.o (__errno)
c:/st/stm32cubeide_1.6.1/stm32cubeide/plugins/com.st.stm32cube.ide.mcu.externaltools.gnu-tools-for-stm32.9-2020-q2-update.win32_2.0.0.202105311346/tools/bin/../lib/gcc/arm-none-eabi/9.3.1/../../../../arm-none-eabi/lib/thumb/v7-m/nofp\libc_nano.a(lib_a-exit.o)
                              c:/st/stm32cubeide_1.6.1/stm32cubeide/plugins/com.st.stm32cube.ide.mcu.externaltools.gnu-tools-for-stm32.9-2020-q2-update.win32_2.0.0.202105311346/tools/bin/../lib/gcc/arm-none-eabi/9.3.1/../../../../arm-none-eabi/lib/thumb/v7-m/nofp/crt0.o (exit)
c:/st/stm32cubeide_1.6.1/stm32cubeide/plugins/com.st.stm32cube.ide.mcu.externaltools.gnu-tools-for-stm32.9-2020-q2-update.win32_2.0.0.202105311346/tools/bin/../lib/gcc/arm-none-eabi/9.3.1/../../../../arm-none-eabi/lib/thumb/v7-m/nofp\libc_nano.a(lib_a-impure.o)
                              c:/st/stm32cubeide_1.6.1/stm32cubeide/plugins/com.st.stm32cube.ide.mcu.externaltools.gnu-tools-for-stm32.9-2020-q2-update.win32_2.0.0.202105311346/tools/bin/../lib/gcc/arm-none-eabi/9.3.1/../../../../arm-none-eabi/lib/thumb/v7-m/nofp\libc_nano.a(lib_a-exit.o) (_global_impure_ptr)
c:/st/stm32cubeide_1.6.1/stm32cubeide/plugins/com.st.stm32cube.ide.mcu.externaltools.gnu-tools-for-stm32.9-2020-q2-update.win32_2.0.0.202105311346/tools/bin/../lib/gcc/arm-none-eabi/9.3.1/../../../../arm-none-eabi/lib/thumb/v7-m/nofp\libc_nano.a(lib_a-init.o)
                              c:/st/stm32cubeide_1.6.1/stm32cubeide/plugins/com.st.stm32cube.ide.mcu.externaltools.gnu-tools-for-stm32.9-2020-q2-update.win32_2.0.0.202105311346/tools/bin/../lib/gcc/arm-none-eabi/9.3.1/../../../../arm-none-eabi/lib/thumb/v7-m/nofp/crt0.o (__libc_init_array)
c:/st/stm32cubeide_1.6.1/stm32cubeide/plugins/com.st.stm32cube.ide.mcu.externaltools.gnu-tools-for-stm32.9-2020-q2-update.win32_2.0.0.202105311346/tools/bin/../lib/gcc/arm-none-eabi/9.3.1/../../../../arm-none-eabi/lib/thumb/v7-m/nofp\libc_nano.a(lib_a-memset.o)
                              c:/st/stm32cubeide_1.6.1/stm32cubeide/plugins/com.st.stm32cube.ide.mcu.externaltools.gnu-tools-for-stm32.9-2020-q2-update.win32_2.0.0.202105311346/tools/bin/../lib/gcc/arm-none-eabi/9.3.1/../../../../arm-none-eabi/lib/thumb/v7-m/nofp/crt0.o (memset)
c:/st/stm32cubeide_1.6.1/stm32cubeide/plugins/com.st.stm32cube.ide.mcu.externaltools.gnu-tools-for-stm32.9-2020-q2-update.win32_2.0.0.202105311346/tools/bin/../lib/gcc/arm-none-eabi/9.3.1/thumb/v7-m/nofp\libgcc.a(_arm_muldf3.o)
                              ./Core/Src/AD9833.o (__aeabi_dmul)
c:/st/stm32cubeide_1.6.1/stm32cubeide/plugins/com.st.stm32cube.ide.mcu.externaltools.gnu-tools-for-stm32.9-2020-q2-update.win32_2.0.0.202105311346/tools/bin/../lib/gcc/arm-none-eabi/9.3.1/thumb/v7-m/nofp\libgcc.a(_arm_mulsf3.o)
                              ./Core/Src/AD9833.o (__aeabi_fmul)
c:/st/stm32cubeide_1.6.1/stm32cubeide/plugins/com.st.stm32cube.ide.mcu.externaltools.gnu-tools-for-stm32.9-2020-q2-update.win32_2.0.0.202105311346/tools/bin/../lib/gcc/arm-none-eabi/9.3.1/thumb/v7-m/nofp\libgcc.a(_arm_addsubdf3.o)
                              ./Core/Src/AD9833.o (__aeabi_dadd)
c:/st/stm32cubeide_1.6.1/stm32cubeide/plugins/com.st.stm32cube.ide.mcu.externaltools.gnu-tools-for-stm32.9-2020-q2-update.win32_2.0.0.202105311346/tools/bin/../lib/gcc/arm-none-eabi/9.3.1/thumb/v7-m/nofp\libgcc.a(_arm_muldivdf3.o)
                              ./Core/Src/AD9833.o (__aeabi_ddiv)
c:/st/stm32cubeide_1.6.1/stm32cubeide/plugins/com.st.stm32cube.ide.mcu.externaltools.gnu-tools-for-stm32.9-2020-q2-update.win32_2.0.0.202105311346/tools/bin/../lib/gcc/arm-none-eabi/9.3.1/thumb/v7-m/nofp\libgcc.a(_arm_fixdfsi.o)
                              ./Core/Src/AD9833.o (__aeabi_d2iz)
c:/st/stm32cubeide_1.6.1/stm32cubeide/plugins/com.st.stm32cube.ide.mcu.externaltools.gnu-tools-for-stm32.9-2020-q2-update.win32_2.0.0.202105311346/tools/bin/../lib/gcc/arm-none-eabi/9.3.1/thumb/v7-m/nofp\libgcc.a(_arm_addsubsf3.o)
                              ./Core/Src/main.o (__aeabi_i2f)
c:/st/stm32cubeide_1.6.1/stm32cubeide/plugins/com.st.stm32cube.ide.mcu.externaltools.gnu-tools-for-stm32.9-2020-q2-update.win32_2.0.0.202105311346/tools/bin/../lib/gcc/arm-none-eabi/9.3.1/thumb/v7-m/nofp\libgcc.a(_arm_cmpsf2.o)
                              ./Core/Src/AD9833.o (__aeabi_fcmplt)
c:/st/stm32cubeide_1.6.1/stm32cubeide/plugins/com.st.stm32cube.ide.mcu.externaltools.gnu-tools-for-stm32.9-2020-q2-update.win32_2.0.0.202105311346/tools/bin/../lib/gcc/arm-none-eabi/9.3.1/thumb/v7-m/nofp\libgcc.a(_arm_fixsfsi.o)
                              ./Core/Src/AD9833.o (__aeabi_f2iz)

Allocating common symbols
[...]
Memory Configuration

Name             Origin             Length             Attributes
RAM              0x0000000020000000 0x0000000000005000 xrw
FLASH            0x0000000008000000 0x0000000000010000 xr
*default*        0x0000000000000000 0xffffffffffffffff

Linker script and memory map

LOAD c:/st/stm32cubeide_1.6.1/stm32cubeide/plugins/com.st.stm32cube.ide.mcu.externaltools.gnu-tools-for-stm32.9-2020-q2-update.win32_2.0.0.202105311346/tools/bin/../lib/gcc/arm-none-eabi/9.3.1/thumb/v7-m/nofp/crti.o
LOAD c:/st/stm32cubeide_1.6.1/stm32cubeide/plugins/com.st.stm32cube.ide.mcu.externaltools.gnu-tools-for-stm32.9-2020-q2-update.win32_2.0.0.202105311346/tools/bin/../lib/gcc/arm-none-eabi/9.3.1/thumb/v7-m/nofp/crtbegin.o
LOAD c:/st/stm32cubeide_1.6.1/stm32cubeide/plugins/com.st.stm32cube.ide.mcu.externaltools.gnu-tools-for-stm32.9-2020-q2-update.win32_2.0.0.202105311346/tools/bin/../lib/gcc/arm-none-eabi/9.3.1/../../../../arm-none-eabi/lib/thumb/v7-m/nofp/crt0.o
LOAD ./Core/Src/AD9833.o
LOAD ./Core/Src/main.o
LOAD ./Core/Src/stm32f1xx_hal_msp.o
LOAD ./Core/Src/stm32f1xx_it.o
LOAD ./Core/Src/syscalls.o
LOAD ./Core/Src/sysmem.o
LOAD ./Core/Src/system_stm32f1xx.o
LOAD ./Core/Startup/startup_stm32f103c8tx.o
LOAD ./Drivers/STM32F1xx_HAL_Driver/Src/stm32f1xx_hal.o
LOAD ./Drivers/STM32F1xx_HAL_Driver/Src/stm32f1xx_hal_cortex.o
LOAD ./Drivers/STM32F1xx_HAL_Driver/Src/stm32f1xx_hal_dma.o
LOAD ./Drivers/STM32F1xx_HAL_Driver/Src/stm32f1xx_hal_exti.o
LOAD ./Drivers/STM32F1xx_HAL_Driver/Src/stm32f1xx_hal_flash.o
LOAD ./Drivers/STM32F1xx_HAL_Driver/Src/stm32f1xx_hal_flash_ex.o
LOAD ./Drivers/STM32F1xx_HAL_Driver/Src/stm32f1xx_hal_gpio.o
LOAD ./Drivers/STM32F1xx_HAL_Driver/Src/stm32f1xx_hal_gpio_ex.o
LOAD ./Drivers/STM32F1xx_HAL_Driver/Src/stm32f1xx_hal_pwr.o
LOAD ./Drivers/STM32F1xx_HAL_Driver/Src/stm32f1xx_hal_rcc.o
LOAD ./Drivers/STM32F1xx_HAL_Driver/Src/stm32f1xx_hal_rcc_ex.o
LOAD ./Drivers/STM32F1xx_HAL_Driver/Src/stm32f1xx_hal_tim.o
LOAD ./Drivers/STM32F1xx_HAL_Driver/Src/stm32f1xx_hal_tim_ex.o
START GROUP
LOAD c:/st/stm32cubeide_1.6.1/stm32cubeide/plugins/com.st.stm32cube.ide.mcu.externaltools.gnu-tools-for-stm32.9-2020-q2-update.win32_2.0.0.202105311346/tools/bin/../lib/gcc/arm-none-eabi/9.3.1/../../../../arm-none-eabi/lib/thumb/v7-m/nofp\libc_nano.a
LOAD c:/st/stm32cubeide_1.6.1/stm32cubeide/plugins/com.st.stm32cube.ide.mcu.externaltools.gnu-tools-for-stm32.9-2020-q2-update.win32_2.0.0.202105311346/tools/bin/../lib/gcc/arm-none-eabi/9.3.1/../../../../arm-none-eabi/lib/thumb/v7-m/nofp\libm.a
END GROUP
START GROUP
LOAD c:/st/stm32cubeide_1.6.1/stm32cubeide/plugins/com.st.stm32cube.ide.mcu.externaltools.gnu-tools-for-stm32.9-2020-q2-update.win32_2.0.0.202105311346/tools/bin/../lib/gcc/arm-none-eabi/9.3.1/thumb/v7-m/nofp\libgcc.a
LOAD c:/st/stm32cubeide_1.6.1/stm32cubeide/plugins/com.st.stm32cube.ide.mcu.externaltools.gnu-tools-for-stm32.9-2020-q2-update.win32_2.0.0.202105311346/tools/bin/../lib/gcc/arm-none-eabi/9.3.1/../../../../arm-none-eabi/lib/thumb/v7-m/nofp\libc_nano.a
END GROUP
START GROUP
LOAD c:/st/stm32cubeide_1.6.1/stm32cubeide/plugins/com.st.stm32cube.ide.mcu.externaltools.gnu-tools-for-stm32.9-2020-q2-update.win32_2.0.0.202105311346/tools/bin/../lib/gcc/arm-none-eabi/9.3.1/thumb/v7-m/nofp\libgcc.a
LOAD c:/st/stm32cubeide_1.6.1/stm32cubeide/plugins/com.st.stm32cube.ide.mcu.externaltools.gnu-tools-for-stm32.9-2020-q2-update.win32_2.0.0.202105311346/tools/bin/../lib/gcc/arm-none-eabi/9.3.1/../../../../arm-none-eabi/lib/thumb/v7-m/nofp\libc_nano.a
LOAD c:/st/stm32cubeide_1.6.1/stm32cubeide/plugins/com.st.stm32cube.ide.mcu.externaltools.gnu-tools-for-stm32.9-2020-q2-update.win32_2.0.0.202105311346/tools/bin/../lib/gcc/arm-none-eabi/9.3.1/../../../../arm-none-eabi/lib/thumb/v7-m/nofp\libnosys.a
END GROUP
START GROUP
LOAD c:/st/stm32cubeide_1.6.1/stm32cubeide/plugins/com.st.stm32cube.ide.mcu.externaltools.gnu-tools-for-stm32.9-2020-q2-update.win32_2.0.0.202105311346/tools/bin/../lib/gcc/arm-none-eabi/9.3.1/thumb/v7-m/nofp\libgcc.a
LOAD c:/st/stm32cubeide_1.6.1/stm32cubeide/plugins/com.st.stm32cube.ide.mcu.externaltools.gnu-tools-for-stm32.9-2020-q2-update.win32_2.0.0.202105311346/tools/bin/../lib/gcc/arm-none-eabi/9.3.1/../../../../arm-none-eabi/lib/thumb/v7-m/nofp\libc_nano.a
LOAD c:/st/stm32cubeide_1.6.1/stm32cubeide/plugins/com.st.stm32cube.ide.mcu.externaltools.gnu-tools-for-stm32.9-2020-q2-update.win32_2.0.0.202105311346/tools/bin/../lib/gcc/arm-none-eabi/9.3.1/../../../../arm-none-eabi/lib/thumb/v7-m/nofp\libnosys.a
END GROUP
LOAD c:/st/stm32cubeide_1.6.1/stm32cubeide/plugins/com.st.stm32cube.ide.mcu.externaltools.gnu-tools-for-stm32.9-2020-q2-update.win32_2.0.0.202105311346/tools/bin/../lib/gcc/arm-none-eabi/9.3.1/thumb/v7-m/nofp/crtend.o
LOAD c:/st/stm32cubeide_1.6.1/stm32cubeide/plugins/com.st.stm32cube.ide.mcu.externaltools.gnu-tools-for-stm32.9-2020-q2-update.win32_2.0.0.202105311346/tools/bin/../lib/gcc/arm-none-eabi/9.3.1/thumb/v7-m/nofp/crtn.o
                0x0000000020005000                _estack = (ORIGIN (RAM) + LENGTH (RAM))
                0x0000000000000200                _Min_Heap_Size = 0x200
                0x0000000000000400                _Min_Stack_Size = 0x400

.isr_vector     0x0000000008000000      0x10c
                0x0000000008000000                . = ALIGN (0x4)
 *(.isr_vector)
 .isr_vector    0x0000000008000000      0x10c ./Core/Startup/startup_stm32f103c8tx.o
                0x0000000008000000                g_pfnVectors
                0x000000000800010c                . = ALIGN (0x4)

.text           0x0000000008000110     0x2530
                0x0000000008000110                . = ALIGN (0x4)
 *(.text)
 .text          0x0000000008000110       0x40 c:/st/stm32cubeide_1.6.1/stm32cubeide/plugins/com.st.stm32cube.ide.mcu.externaltools.gnu-tools-for-stm32.9-2020-q2-update.win32_2.0.0.202105311346/tools/bin/../lib/gcc/arm-none-eabi/9.3.1/thumb/v7-m/nofp/crtbegin.o
 .text          0x0000000008000150      0x168 c:/st/stm32cubeide_1.6.1/stm32cubeide/plugins/com.st.stm32cube.ide.mcu.externaltools.gnu-tools-for-stm32.9-2020-q2-update.win32_2.0.0.202105311346/tools/bin/../lib/gcc/arm-none-eabi/9.3.1/thumb/v7-m/nofp\libgcc.a(_arm_mulsf3.o)
                0x0000000008000150                __aeabi_fmul
                0x0000000008000150                __mulsf3
 .text          0x00000000080002b8      0x378 c:/st/stm32cubeide_1.6.1/stm32cubeide/plugins/com.st.stm32cube.ide.mcu.externaltools.gnu-tools-for-stm32.9-2020-q2-update.win32_2.0.0.202105311346/tools/bin/../lib/gcc/arm-none-eabi/9.3.1/thumb/v7-m/nofp\libgcc.a(_arm_addsubdf3.o)
                0x00000000080002b8                __aeabi_drsub
                0x00000000080002c0                __aeabi_dsub
                0x00000000080002c0                __subdf3
                0x00000000080002c4                __aeabi_dadd
                0x00000000080002c4                __adddf3
                0x000000000800053c                __floatunsidf
                0x000000000800053c                __aeabi_ui2d
                0x000000000800055c                __floatsidf
                0x000000000800055c                __aeabi_i2d
                0x0000000008000580                __aeabi_f2d
                0x0000000008000580                __extendsfdf2
                0x00000000080005c4                __floatundidf
                0x00000000080005c4                __aeabi_ul2d
                0x00000000080005d4                __floatdidf
                0x00000000080005d4                __aeabi_l2d
 .text          0x0000000008000630      0x424 c:/st/stm32cubeide_1.6.1/stm32cubeide/plugins/com.st.stm32cube.ide.mcu.externaltools.gnu-tools-for-stm32.9-2020-q2-update.win32_2.0.0.202105311346/tools/bin/../lib/gcc/arm-none-eabi/9.3.1/thumb/v7-m/nofp\libgcc.a(_arm_muldivdf3.o)
                0x0000000008000630                __aeabi_dmul
                0x0000000008000630                __muldf3
                0x0000000008000884                __divdf3
                0x0000000008000884                __aeabi_ddiv
 .text          0x0000000008000a54       0x50 c:/st/stm32cubeide_1.6.1/stm32cubeide/plugins/com.st.stm32cube.ide.mcu.externaltools.gnu-tools-for-stm32.9-2020-q2-update.win32_2.0.0.202105311346/tools/bin/../lib/gcc/arm-none-eabi/9.3.1/thumb/v7-m/nofp\libgcc.a(_arm_fixdfsi.o)
                0x0000000008000a54                __aeabi_d2iz
                0x0000000008000a54                __fixdfsi
 .text          0x0000000008000aa4      0x21c c:/st/stm32cubeide_1.6.1/stm32cubeide/plugins/com.st.stm32cube.ide.mcu.externaltools.gnu-tools-for-stm32.9-2020-q2-update.win32_2.0.0.202105311346/tools/bin/../lib/gcc/arm-none-eabi/9.3.1/thumb/v7-m/nofp\libgcc.a(_arm_addsubsf3.o)
                0x0000000008000aa4                __aeabi_frsub
                0x0000000008000aac                __subsf3
                0x0000000008000aac                __aeabi_fsub
                0x0000000008000ab0                __aeabi_fadd
                0x0000000008000ab0                __addsf3
                0x0000000008000c10                __aeabi_ui2f
                0x0000000008000c10                __floatunsisf
                0x0000000008000c18                __aeabi_i2f
                0x0000000008000c18                __floatsisf
                0x0000000008000c34                __aeabi_ul2f
                0x0000000008000c34                __floatundisf
                0x0000000008000c44                __aeabi_l2f
                0x0000000008000c44                __floatdisf
 .text          0x0000000008000cc0       0xec c:/st/stm32cubeide_1.6.1/stm32cubeide/plugins/com.st.stm32cube.ide.mcu.externaltools.gnu-tools-for-stm32.9-2020-q2-update.win32_2.0.0.202105311346/tools/bin/../lib/gcc/arm-none-eabi/9.3.1/thumb/v7-m/nofp\libgcc.a(_arm_cmpsf2.o)
                0x0000000008000cc0                __gesf2
                0x0000000008000cc0                __gtsf2
                0x0000000008000cc8                __lesf2
                0x0000000008000cc8                __ltsf2
                0x0000000008000cd0                __nesf2
                0x0000000008000cd0                __eqsf2
                0x0000000008000cd0                __cmpsf2
                0x0000000008000d30                __aeabi_cfrcmple
                0x0000000008000d38                __aeabi_cfcmpeq
                0x0000000008000d38                __aeabi_cfcmple
                0x0000000008000d48                __aeabi_fcmpeq
                0x0000000008000d5c                __aeabi_fcmplt
                0x0000000008000d70                __aeabi_fcmple
                0x0000000008000d84                __aeabi_fcmpge
                0x0000000008000d98                __aeabi_fcmpgt
 .text          0x0000000008000dac       0x4c c:/st/stm32cubeide_1.6.1/stm32cubeide/plugins/com.st.stm32cube.ide.mcu.externaltools.gnu-tools-for-stm32.9-2020-q2-update.win32_2.0.0.202105311346/tools/bin/../lib/gcc/arm-none-eabi/9.3.1/thumb/v7-m/nofp\libgcc.a(_arm_fixsfsi.o)
                0x0000000008000dac                __aeabi_f2iz
                0x0000000008000dac                __fixsfsi
 *(.text*)
 .text.writeSPI
                0x0000000008000df8       0x70 ./Core/Src/AD9833.o
                0x0000000008000df8                writeSPI
 .text.AD9833_SetWave
                0x0000000008000e68       0x9c ./Core/Src/AD9833.o
                0x0000000008000e68                AD9833_SetWave
 *fill*         0x0000000008000f04        0x4 
 .text.AD9833_SetWaveData
                0x0000000008000f08      0x17c ./Core/Src/AD9833.o
                0x0000000008000f08                AD9833_SetWaveData
 .text.AD9833_Init
                0x0000000008001084       0x48 ./Core/Src/AD9833.o
                0x0000000008001084                AD9833_Init
 .text.main     0x00000000080010cc      0x498 ./Core/Src/main.o
                0x00000000080010cc                main
 .text.SystemClock_Config
                0x0000000008001564       0x80 ./Core/Src/main.o
                0x0000000008001564                SystemClock_Config
 .text.MX_GPIO_Init
                0x00000000080015e4       0xc8 ./Core/Src/main.o
 .text.Error_Handler
                0x00000000080016ac        0xa ./Core/Src/main.o
                0x00000000080016ac                Error_Handler
 *fill*         0x00000000080016b6        0x2 
 .text.HAL_MspInit
                0x00000000080016b8       0x64 ./Core/Src/stm32f1xx_hal_msp.o
                0x00000000080016b8                HAL_MspInit
 .text.NMI_Handler
                0x000000000800171c        0x6 ./Core/Src/stm32f1xx_it.o
                0x000000000800171c                NMI_Handler
 .text.HardFault_Handler
                0x0000000008001722        0x6 ./Core/Src/stm32f1xx_it.o
                0x0000000008001722                HardFault_Handler
 .text.MemManage_Handler
                0x0000000008001728        0x6 ./Core/Src/stm32f1xx_it.o
                0x0000000008001728                MemManage_Handler
 .text.BusFault_Handler
                0x000000000800172e        0x6 ./Core/Src/stm32f1xx_it.o
                0x000000000800172e                BusFault_Handler
 .text.UsageFault_Handler
                0x0000000008001734        0x6 ./Core/Src/stm32f1xx_it.o
                0x0000000008001734                UsageFault_Handler
 .text.SVC_Handler
                0x000000000800173a        0xc ./Core/Src/stm32f1xx_it.o
                0x000000000800173a                SVC_Handler
 .text.DebugMon_Handler
                0x0000000008001746        0xc ./Core/Src/stm32f1xx_it.o
                0x0000000008001746                DebugMon_Handler
 .text.PendSV_Handler
                0x0000000008001752        0xc ./Core/Src/stm32f1xx_it.o
                0x0000000008001752                PendSV_Handler
 .text.SysTick_Handler
                0x000000000800175e        0xc ./Core/Src/stm32f1xx_it.o
                0x000000000800175e                SysTick_Handler
 .text.SystemInit
                0x000000000800176a        0xc ./Core/Src/system_stm32f1xx.o
                0x000000000800176a                SystemInit
 *fill*         0x0000000008001776        0x2 
 .text.Reset_Handler
                0x0000000008001778       0x48 ./Core/Startup/startup_stm32f103c8tx.o
                0x0000000008001778                Reset_Handler
 .text.Default_Handler
                0x00000000080017c0        0x2 ./Core/Startup/startup_stm32f103c8tx.o
                0x00000000080017c0                RTC_Alarm_IRQHandler
                0x00000000080017c0                EXTI2_IRQHandler
                0x00000000080017c0                TIM1_CC_IRQHandler
                0x00000000080017c0                PVD_IRQHandler
                0x00000000080017c0                EXTI3_IRQHandler
                0x00000000080017c0                EXTI0_IRQHandler
                0x00000000080017c0                I2C2_EV_IRQHandler
                0x00000000080017c0                ADC1_2_IRQHandler
                0x00000000080017c0                SPI1_IRQHandler
                0x00000000080017c0                TAMPER_IRQHandler
                0x00000000080017c0                DMA1_Channel4_IRQHandler
                0x00000000080017c0                USART3_IRQHandler
                0x00000000080017c0                RTC_IRQHandler
                0x00000000080017c0                DMA1_Channel7_IRQHandler
                0x00000000080017c0                CAN1_RX1_IRQHandler
                0x00000000080017c0                TIM4_IRQHandler
                0x00000000080017c0                I2C1_EV_IRQHandler
                0x00000000080017c0                DMA1_Channel6_IRQHandler
                0x00000000080017c0                TIM3_IRQHandler
                0x00000000080017c0                RCC_IRQHandler
                0x00000000080017c0                TIM1_TRG_COM_IRQHandler
                0x00000000080017c0                DMA1_Channel1_IRQHandler
                0x00000000080017c0                Default_Handler
                0x00000000080017c0                EXTI15_10_IRQHandler
                0x00000000080017c0                EXTI9_5_IRQHandler
                0x00000000080017c0                SPI2_IRQHandler
                0x00000000080017c0                DMA1_Channel5_IRQHandler
                0x00000000080017c0                EXTI4_IRQHandler
                0x00000000080017c0                USB_LP_CAN1_RX0_IRQHandler
                0x00000000080017c0                USB_HP_CAN1_TX_IRQHandler
                0x00000000080017c0                DMA1_Channel3_IRQHandler
                0x00000000080017c0                TIM1_UP_IRQHandler
                0x00000000080017c0                WWDG_IRQHandler
                0x00000000080017c0                TIM2_IRQHandler
                0x00000000080017c0                TIM1_BRK_IRQHandler
                0x00000000080017c0                EXTI1_IRQHandler
                0x00000000080017c0                USART2_IRQHandler
                0x00000000080017c0                I2C2_ER_IRQHandler
                0x00000000080017c0                DMA1_Channel2_IRQHandler
                0x00000000080017c0                CAN1_SCE_IRQHandler
                0x00000000080017c0                FLASH_IRQHandler
                0x00000000080017c0                USART1_IRQHandler
                0x00000000080017c0                I2C1_ER_IRQHandler
                0x00000000080017c0                USBWakeUp_IRQHandler
 *fill*         0x00000000080017c2        0x2 
 .text.HAL_Init
                0x00000000080017c4       0x2c ./Drivers/STM32F1xx_HAL_Driver/Src/stm32f1xx_hal.o
                0x00000000080017c4                HAL_Init
 .text.HAL_InitTick
                0x00000000080017f0       0x60 ./Drivers/STM32F1xx_HAL_Driver/Src/stm32f1xx_hal.o
                0x00000000080017f0                HAL_InitTick
 .text.HAL_IncTick
                0x0000000008001850       0x24 ./Drivers/STM32F1xx_HAL_Driver/Src/stm32f1xx_hal.o
                0x0000000008001850                HAL_IncTick
 .text.HAL_GetTick
                0x0000000008001874       0x14 ./Drivers/STM32F1xx_HAL_Driver/Src/stm32f1xx_hal.o
                0x0000000008001874                HAL_GetTick
 .text.HAL_Delay
                0x0000000008001888       0x48 ./Drivers/STM32F1xx_HAL_Driver/Src/stm32f1xx_hal.o
                0x0000000008001888                HAL_Delay
 .text.__NVIC_SetPriorityGrouping
                0x00000000080018d0       0x48 ./Drivers/STM32F1xx_HAL_Driver/Src/stm32f1xx_hal_cortex.o
 .text.__NVIC_GetPriorityGrouping
                0x0000000008001918       0x1c ./Drivers/STM32F1xx_HAL_Driver/Src/stm32f1xx_hal_cortex.o
 .text.__NVIC_SetPriority
                0x0000000008001934       0x54 ./Drivers/STM32F1xx_HAL_Driver/Src/stm32f1xx_hal_cortex.o
 .text.NVIC_EncodePriority
                0x0000000008001988       0x64 ./Drivers/STM32F1xx_HAL_Driver/Src/stm32f1xx_hal_cortex.o
 .text.SysTick_Config
                0x00000000080019ec       0x44 ./Drivers/STM32F1xx_HAL_Driver/Src/stm32f1xx_hal_cortex.o
 .text.HAL_NVIC_SetPriorityGrouping
                0x0000000008001a30       0x16 ./Drivers/STM32F1xx_HAL_Driver/Src/stm32f1xx_hal_cortex.o
                0x0000000008001a30                HAL_NVIC_SetPriorityGrouping
 .text.HAL_NVIC_SetPriority
                0x0000000008001a46       0x38 ./Drivers/STM32F1xx_HAL_Driver/Src/stm32f1xx_hal_cortex.o
                0x0000000008001a46                HAL_NVIC_SetPriority
 .text.HAL_SYSTICK_Config
                0x0000000008001a7e       0x18 ./Drivers/STM32F1xx_HAL_Driver/Src/stm32f1xx_hal_cortex.o
                0x0000000008001a7e                HAL_SYSTICK_Config
 *fill*         0x0000000008001a96        0x2 
 .text.HAL_GPIO_Init
                0x0000000008001a98      0x308 ./Drivers/STM32F1xx_HAL_Driver/Src/stm32f1xx_hal_gpio.o
                0x0000000008001a98                HAL_GPIO_Init
 .text.HAL_GPIO_ReadPin
                0x0000000008001da0       0x2e ./Drivers/STM32F1xx_HAL_Driver/Src/stm32f1xx_hal_gpio.o
                0x0000000008001da0                HAL_GPIO_ReadPin
 .text.HAL_GPIO_WritePin
                0x0000000008001dce       0x30 ./Drivers/STM32F1xx_HAL_Driver/Src/stm32f1xx_hal_gpio.o
                0x0000000008001dce                HAL_GPIO_WritePin
 *fill*         0x0000000008001dfe        0x2 
 .text.HAL_RCC_OscConfig
                0x0000000008001e00      0x500 ./Drivers/STM32F1xx_HAL_Driver/Src/stm32f1xx_hal_rcc.o
                0x0000000008001e00                HAL_RCC_OscConfig
 .text.HAL_RCC_ClockConfig
                0x0000000008002300      0x1d4 ./Drivers/STM32F1xx_HAL_Driver/Src/stm32f1xx_hal_rcc.o
                0x0000000008002300                HAL_RCC_ClockConfig
 .text.HAL_RCC_GetSysClockFreq
                0x00000000080024d4       0xc0 ./Drivers/STM32F1xx_HAL_Driver/Src/stm32f1xx_hal_rcc.o
                0x00000000080024d4                HAL_RCC_GetSysClockFreq
 .text.RCC_Delay
                0x0000000008002594       0x3c ./Drivers/STM32F1xx_HAL_Driver/Src/stm32f1xx_hal_rcc.o
 .text.__libc_init_array
                0x00000000080025d0       0x48 c:/st/stm32cubeide_1.6.1/stm32cubeide/plugins/com.st.stm32cube.ide.mcu.externaltools.gnu-tools-for-stm32.9-2020-q2-update.win32_2.0.0.202105311346/tools/bin/../lib/gcc/arm-none-eabi/9.3.1/../../../../arm-none-eabi/lib/thumb/v7-m/nofp\libc_nano.a(lib_a-init.o)
                0x00000000080025d0                __libc_init_array
 .text.memset   0x0000000008002618       0x10 c:/st/stm32cubeide_1.6.1/stm32cubeide/plugins/com.st.stm32cube.ide.mcu.externaltools.gnu-tools-for-stm32.9-2020-q2-update.win32_2.0.0.202105311346/tools/bin/../lib/gcc/arm-none-eabi/9.3.1/../../../../arm-none-eabi/lib/thumb/v7-m/nofp\libc_nano.a(lib_a-memset.o)
                0x0000000008002618                memset
 *(.glue_7)
 .glue_7        0x0000000008002628        0x0 linker stubs
 *(.glue_7t)
 .glue_7t       0x0000000008002628        0x0 linker stubs
 *(.eh_frame)
 .eh_frame      0x0000000008002628        0x0 c:/st/stm32cubeide_1.6.1/stm32cubeide/plugins/com.st.stm32cube.ide.mcu.externaltools.gnu-tools-for-stm32.9-2020-q2-update.win32_2.0.0.202105311346/tools/bin/../lib/gcc/arm-none-eabi/9.3.1/thumb/v7-m/nofp/crtbegin.o
 *(.init)
 .init          0x0000000008002628        0x4 c:/st/stm32cubeide_1.6.1/stm32cubeide/plugins/com.st.stm32cube.ide.mcu.externaltools.gnu-tools-for-stm32.9-2020-q2-update.win32_2.0.0.202105311346/tools/bin/../lib/gcc/arm-none-eabi/9.3.1/thumb/v7-m/nofp/crti.o
                0x0000000008002628                _init
 .init          0x000000000800262c        0x8 c:/st/stm32cubeide_1.6.1/stm32cubeide/plugins/com.st.stm32cube.ide.mcu.externaltools.gnu-tools-for-stm32.9-2020-q2-update.win32_2.0.0.202105311346/tools/bin/../lib/gcc/arm-none-eabi/9.3.1/thumb/v7-m/nofp/crtn.o
 *(.fini)
 .fini          0x0000000008002634        0x4 c:/st/stm32cubeide_1.6.1/stm32cubeide/plugins/com.st.stm32cube.ide.mcu.externaltools.gnu-tools-for-stm32.9-2020-q2-update.win32_2.0.0.202105311346/tools/bin/../lib/gcc/arm-none-eabi/9.3.1/thumb/v7-m/nofp/crti.o
                0x0000000008002634                _fini
 .fini          0x0000000008002638        0x8 c:/st/stm32cubeide_1.6.1/stm32cubeide/plugins/com.st.stm32cube.ide.mcu.externaltools.gnu-tools-for-stm32.9-2020-q2-update.win32_2.0.0.202105311346/tools/bin/../lib/gcc/arm-none-eabi/9.3.1/thumb/v7-m/nofp/crtn.o
                0x0000000008002640                . = ALIGN (0x4)
                0x0000000008002640                _etext = .

.vfp11_veneer   0x0000000008002640        0x0
 .vfp11_veneer  0x0000000008002640        0x0 linker stubs

.v4_bx          0x0000000008002640        0x0
 .v4_bx         0x0000000008002640        0x0 linker stubs

.iplt           0x0000000008002640        0x0
 .iplt          0x0000000008002640        0x0 c:/st/stm32cubeide_1.6.1/stm32cubeide/plugins/com.st.stm32cube.ide.mcu.externaltools.gnu-tools-for-stm32.9-2020-q2-update.win32_2.0.0.202105311346/tools/bin/../lib/gcc/arm-none-eabi/9.3.1/thumb/v7-m/nofp/crtbegin.o

.rodata         0x0000000008002640       0x20
                0x0000000008002640                . = ALIGN (0x4)
 *(.rodata)
 .rodata        0x0000000008002640       0x10 ./Drivers/STM32F1xx_HAL_Driver/Src/stm32f1xx_hal_rcc.o
 *(.rodata*)
 .rodata.AHBPrescTable
                0x0000000008002650       0x10 ./Core/Src/system_stm32f1xx.o
                0x0000000008002650                AHBPrescTable
                0x0000000008002660                . = ALIGN (0x4)

.rel.dyn        0x0000000008002660        0x0
 .rel.iplt      0x0000000008002660        0x0 c:/st/stm32cubeide_1.6.1/stm32cubeide/plugins/com.st.stm32cube.ide.mcu.externaltools.gnu-tools-for-stm32.9-2020-q2-update.win32_2.0.0.202105311346/tools/bin/../lib/gcc/arm-none-eabi/9.3.1/thumb/v7-m/nofp/crtbegin.o

.ARM.extab      0x0000000008002660        0x0
                0x0000000008002660                . = ALIGN (0x4)
 *(.ARM.extab* .gnu.linkonce.armextab.*)
                0x0000000008002660                . = ALIGN (0x4)

.ARM            0x0000000008002660        0x0
                0x0000000008002660                . = ALIGN (0x4)
                0x0000000008002660                __exidx_start = .
 *(.ARM.exidx*)
                0x0000000008002660                __exidx_end = .
                0x0000000008002660                . = ALIGN (0x4)

.preinit_array  0x0000000008002660        0x0
                0x0000000008002660                . = ALIGN (0x4)
                0x0000000008002660                PROVIDE (__preinit_array_start = .)
 *(.preinit_array*)
                0x0000000008002660                PROVIDE (__preinit_array_end = .)
                0x0000000008002660                . = ALIGN (0x4)

.init_array     0x0000000008002660        0x4
                0x0000000008002660                . = ALIGN (0x4)
                0x0000000008002660                PROVIDE (__init_array_start = .)
 *(SORT_BY_NAME(.init_array.*))
 *(.init_array*)
 .init_array    0x0000000008002660        0x4 c:/st/stm32cubeide_1.6.1/stm32cubeide/plugins/com.st.stm32cube.ide.mcu.externaltools.gnu-tools-for-stm32.9-2020-q2-update.win32_2.0.0.202105311346/tools/bin/../lib/gcc/arm-none-eabi/9.3.1/thumb/v7-m/nofp/crtbegin.o
                0x0000000008002664                PROVIDE (__init_array_end = .)
                0x0000000008002664                . = ALIGN (0x4)

.fini_array     0x0000000008002664        0x4
                0x0000000008002664                . = ALIGN (0x4)
                [!provide]                        PROVIDE (__fini_array_start = .)
 *(SORT_BY_NAME(.fini_array.*))
 *(.fini_array*)
 .fini_array    0x0000000008002664        0x4 c:/st/stm32cubeide_1.6.1/stm32cubeide/plugins/com.st.stm32cube.ide.mcu.externaltools.gnu-tools-for-stm32.9-2020-q2-update.win32_2.0.0.202105311346/tools/bin/../lib/gcc/arm-none-eabi/9.3.1/thumb/v7-m/nofp/crtbegin.o
                [!provide]                        PROVIDE (__fini_array_end = .)
                0x0000000008002668                . = ALIGN (0x4)
                0x0000000008002668                _sidata = LOADADDR (.data)

.data           0x0000000020000000       0x18 load address 0x0000000008002668
                0x0000000020000000                . = ALIGN (0x4)
                0x0000000020000000                _sdata = .
 *(.data)
 *(.data*)
 .data.prev_status
                0x0000000020000000        0x8 ./Core/Src/main.o
                0x0000000020000000                prev_status
 .data.freq     0x0000000020000008        0x4 ./Core/Src/main.o
                0x0000000020000008                freq
 .data.SystemCoreClock
                0x000000002000000c        0x4 ./Core/Src/system_stm32f1xx.o
                0x000000002000000c                SystemCoreClock
 .data.uwTickPrio
                0x0000000020000010        0x4 ./Drivers/STM32F1xx_HAL_Driver/Src/stm32f1xx_hal.o
                0x0000000020000010                uwTickPrio
 .data.uwTickFreq
                0x0000000020000014        0x1 ./Drivers/STM32F1xx_HAL_Driver/Src/stm32f1xx_hal.o
                0x0000000020000014                uwTickFreq
 *(.RamFunc)
 *(.RamFunc*)
                0x0000000020000018                . = ALIGN (0x4)
 *fill*         0x0000000020000015        0x3 
                0x0000000020000018                _edata = .

.igot.plt       0x0000000020000018        0x0 load address 0x0000000008002680
 .igot.plt      0x0000000020000018        0x0 c:/st/stm32cubeide_1.6.1/stm32cubeide/plugins/com.st.stm32cube.ide.mcu.externaltools.gnu-tools-for-stm32.9-2020-q2-update.win32_2.0.0.202105311346/tools/bin/../lib/gcc/arm-none-eabi/9.3.1/thumb/v7-m/nofp/crtbegin.o
                0x0000000020000018                . = ALIGN (0x4)

.bss            0x0000000020000018       0x3c load address 0x0000000008002680
                0x0000000020000018                _sbss = .
                0x0000000020000018                __bss_start__ = _sbss
 *(.bss)
 .bss           0x0000000020000018       0x1c c:/st/stm32cubeide_1.6.1/stm32cubeide/plugins/com.st.stm32cube.ide.mcu.externaltools.gnu-tools-for-stm32.9-2020-q2-update.win32_2.0.0.202105311346/tools/bin/../lib/gcc/arm-none-eabi/9.3.1/thumb/v7-m/nofp/crtbegin.o
 *(.bss*)
 .bss.FRQLW     0x0000000020000034        0x2 ./Core/Src/AD9833.o
                0x0000000020000034                FRQLW
 .bss.FRQHW     0x0000000020000036        0x2 ./Core/Src/AD9833.o
                0x0000000020000036                FRQHW
 .bss.phaseVal  0x0000000020000038        0x4 ./Core/Src/AD9833.o
                0x0000000020000038                phaseVal
 .bss.WKNOWN    0x000000002000003c        0x1 ./Core/Src/AD9833.o
                0x000000002000003c                WKNOWN
 .bss.Wave      0x000000002000003d        0x1 ./Core/Src/main.o
                0x000000002000003d                Wave
 *(COMMON)
 *fill*         0x000000002000003e        0x2 
 COMMON         0x0000000020000040       0x10 ./Core/Src/main.o
                0x0000000020000040                SqrWave
                0x0000000020000041                SinWave
                0x0000000020000042                F_PLUS
                0x0000000020000043                F_MINUS
                0x0000000020000044                TriWave
                0x0000000020000048                status
 COMMON         0x0000000020000050        0x4 ./Drivers/STM32F1xx_HAL_Driver/Src/stm32f1xx_hal.o
                0x0000000020000050                uwTick
                0x0000000020000054                . = ALIGN (0x4)
                0x0000000020000054                _ebss = .
                0x0000000020000054                __bss_end__ = _ebss

._user_heap_stack
                0x0000000020000054      0x604 load address 0x0000000008002680
                0x0000000020000058                . = ALIGN (0x8)
 *fill*         0x0000000020000054        0x4 
                [!provide]                        PROVIDE (end = .)
                0x0000000020000058                PROVIDE (_end = .)
                0x0000000020000258                . = (. + _Min_Heap_Size)
 *fill*         0x0000000020000058      0x200 
                0x0000000020000658                . = (. + _Min_Stack_Size)
 *fill*         0x0000000020000258      0x400 
                0x0000000020000658                . = ALIGN (0x8)

/DISCARD/
 libc.a(*)
 libm.a(*)
 libgcc.a(*)

.ARM.attributes
                0x0000000000000000       0x29
 *(.ARM.attributes)
 .ARM.attributes
                0x0000000000000000       0x1d c:/st/stm32cubeide_1.6.1/stm32cubeide/plugins/com.st.stm32cube.ide.mcu.externaltools.gnu-tools-for-stm32.9-2020-q2-update.win32_2.0.0.202105311346/tools/bin/../lib/gcc/arm-none-eabi/9.3.1/thumb/v7-m/nofp/crti.o
 .ARM.attributes
                0x000000000000001d       0x2d c:/st/stm32cubeide_1.6.1/stm32cubeide/plugins/com.st.stm32cube.ide.mcu.externaltools.gnu-tools-for-stm32.9-2020-q2-update.win32_2.0.0.202105311346/tools/bin/../lib/gcc/arm-none-eabi/9.3.1/thumb/v7-m/nofp/crtbegin.o
 .ARM.attributes
                0x000000000000004a       0x2d ./Core/Src/AD9833.o
 .ARM.attributes
                0x0000000000000077       0x2d ./Core/Src/main.o
 .ARM.attributes
                0x00000000000000a4       0x2d ./Core/Src/stm32f1xx_hal_msp.o
 .ARM.attributes
                0x00000000000000d1       0x2d ./Core/Src/stm32f1xx_it.o
 .ARM.attributes
                0x00000000000000fe       0x2d ./Core/Src/system_stm32f1xx.o
 .ARM.attributes
                0x000000000000012b       0x21 ./Core/Startup/startup_stm32f103c8tx.o
 .ARM.attributes
                0x000000000000014c       0x2d ./Drivers/STM32F1xx_HAL_Driver/Src/stm32f1xx_hal.o
 .ARM.attributes
                0x0000000000000179       0x2d ./Drivers/STM32F1xx_HAL_Driver/Src/stm32f1xx_hal_cortex.o
 .ARM.attributes
                0x00000000000001a6       0x2d ./Drivers/STM32F1xx_HAL_Driver/Src/stm32f1xx_hal_gpio.o
 .ARM.attributes
                0x00000000000001d3       0x2d ./Drivers/STM32F1xx_HAL_Driver/Src/stm32f1xx_hal_rcc.o
 .ARM.attributes
                0x0000000000000200       0x2d c:/st/stm32cubeide_1.6.1/stm32cubeide/plugins/com.st.stm32cube.ide.mcu.externaltools.gnu-tools-for-stm32.9-2020-q2-update.win32_2.0.0.202105311346/tools/bin/../lib/gcc/arm-none-eabi/9.3.1/../../../../arm-none-eabi/lib/thumb/v7-m/nofp\libc_nano.a(lib_a-init.o)
 .ARM.attributes
                0x000000000000022d       0x2d c:/st/stm32cubeide_1.6.1/stm32cubeide/plugins/com.st.stm32cube.ide.mcu.externaltools.gnu-tools-for-stm32.9-2020-q2-update.win32_2.0.0.202105311346/tools/bin/../lib/gcc/arm-none-eabi/9.3.1/../../../../arm-none-eabi/lib/thumb/v7-m/nofp\libc_nano.a(lib_a-memset.o)
 .ARM.attributes
                0x000000000000025a       0x1d c:/st/stm32cubeide_1.6.1/stm32cubeide/plugins/com.st.stm32cube.ide.mcu.externaltools.gnu-tools-for-stm32.9-2020-q2-update.win32_2.0.0.202105311346/tools/bin/../lib/gcc/arm-none-eabi/9.3.1/thumb/v7-m/nofp\libgcc.a(_arm_mulsf3.o)
 .ARM.attributes
                0x0000000000000277       0x1d c:/st/stm32cubeide_1.6.1/stm32cubeide/plugins/com.st.stm32cube.ide.mcu.externaltools.gnu-tools-for-stm32.9-2020-q2-update.win32_2.0.0.202105311346/tools/bin/../lib/gcc/arm-none-eabi/9.3.1/thumb/v7-m/nofp\libgcc.a(_arm_addsubdf3.o)
 .ARM.attributes
                0x0000000000000294       0x1d c:/st/stm32cubeide_1.6.1/stm32cubeide/plugins/com.st.stm32cube.ide.mcu.externaltools.gnu-tools-for-stm32.9-2020-q2-update.win32_2.0.0.202105311346/tools/bin/../lib/gcc/arm-none-eabi/9.3.1/thumb/v7-m/nofp\libgcc.a(_arm_muldivdf3.o)
 .ARM.attributes
                0x00000000000002b1       0x1d c:/st/stm32cubeide_1.6.1/stm32cubeide/plugins/com.st.stm32cube.ide.mcu.externaltools.gnu-tools-for-stm32.9-2020-q2-update.win32_2.0.0.202105311346/tools/bin/../lib/gcc/arm-none-eabi/9.3.1/thumb/v7-m/nofp\libgcc.a(_arm_fixdfsi.o)
 .ARM.attributes
                0x00000000000002ce       0x1d c:/st/stm32cubeide_1.6.1/stm32cubeide/plugins/com.st.stm32cube.ide.mcu.externaltools.gnu-tools-for-stm32.9-2020-q2-update.win32_2.0.0.202105311346/tools/bin/../lib/gcc/arm-none-eabi/9.3.1/thumb/v7-m/nofp\libgcc.a(_arm_addsubsf3.o)
 .ARM.attributes
                0x00000000000002eb       0x1d c:/st/stm32cubeide_1.6.1/stm32cubeide/plugins/com.st.stm32cube.ide.mcu.externaltools.gnu-tools-for-stm32.9-2020-q2-update.win32_2.0.0.202105311346/tools/bin/../lib/gcc/arm-none-eabi/9.3.1/thumb/v7-m/nofp\libgcc.a(_arm_cmpsf2.o)
 .ARM.attributes
                0x0000000000000308       0x1d c:/st/stm32cubeide_1.6.1/stm32cubeide/plugins/com.st.stm32cube.ide.mcu.externaltools.gnu-tools-for-stm32.9-2020-q2-update.win32_2.0.0.202105311346/tools/bin/../lib/gcc/arm-none-eabi/9.3.1/thumb/v7-m/nofp\libgcc.a(_arm_fixsfsi.o)
 .ARM.attributes
                0x0000000000000325       0x1d c:/st/stm32cubeide_1.6.1/stm32cubeide/plugins/com.st.stm32cube.ide.mcu.externaltools.gnu-tools-for-stm32.9-2020-q2-update.win32_2.0.0.202105311346/tools/bin/../lib/gcc/arm-none-eabi/9.3.1/thumb/v7-m/nofp/crtn.o
OUTPUT(FG_FINAL_B.elf elf32-littlearm)
LOAD linker stubs
LOAD c:/st/stm32cubeide_1.6.1/stm32cubeide/plugins/com.st.stm32cube.ide.mcu.externaltools.gnu-tools-for-stm32.9-2020-q2-update.win32_2.0.0.202105311346/tools/bin/../lib/gcc/arm-none-eabi/9.3.1/../../../../arm-none-eabi/lib/thumb/v7-m/nofp\libc.a
LOAD c:/st/stm32cubeide_1.6.1/stm32cubeide/plugins/com.st.stm32cube.ide.mcu.externaltools.gnu-tools-for-stm32.9-2020-q2-update.win32_2.0.0.202105311346/tools/bin/../lib/gcc/arm-none-eabi/9.3.1/../../../../arm-none-eabi/lib/thumb/v7-m/nofp\libm.a
LOAD c:/st/stm32cubeide_1.6.1/stm32cubeide/plugins/com.st.stm32cube.ide.mcu.externaltools.gnu-tools-for-stm32.9-2020-q2-update.win32_2.0.0.202105311346/tools/bin/../lib/gcc/arm-none-eabi/9.3.1/thumb/v7-m/nofp\libgcc.a

.debug_info     0x0000000000000000     0x465e
 .debug_info    0x0000000000000000      0xc39 ./Core/Src/AD9833.o
 .debug_info    0x0000000000000c39      0xf52 ./Core/Src/main.o
 .debug_info    0x0000000000001b8b      0x2fc ./Core/Src/stm32f1xx_hal_msp.o
 .debug_info    0x0000000000001e87      0x222 ./Core/Src/stm32f1xx_it.o
 .debug_info    0x00000000000020a9      0x2be ./Core/Src/system_stm32f1xx.o
 .debug_info    0x0000000000002367       0x22 ./Core/Startup/startup_stm32f103c8tx.o
 .debug_info    0x0000000000002389      0x76a ./Drivers/STM32F1xx_HAL_Driver/Src/stm32f1xx_hal.o
 .debug_info    0x0000000000002af3      0xbdc ./Drivers/STM32F1xx_HAL_Driver/Src/stm32f1xx_hal_cortex.o
 .debug_info    0x00000000000036cf      0x701 ./Drivers/STM32F1xx_HAL_Driver/Src/stm32f1xx_hal_gpio.o
 .debug_info    0x0000000000003dd0      0x88e ./Drivers/STM32F1xx_HAL_Driver/Src/stm32f1xx_hal_rcc.o

.debug_abbrev   0x0000000000000000     0x11cb
 .debug_abbrev  0x0000000000000000      0x260 ./Core/Src/AD9833.o
 .debug_abbrev  0x0000000000000260      0x2c1 ./Core/Src/main.o
 .debug_abbrev  0x0000000000000521      0x11d ./Core/Src/stm32f1xx_hal_msp.o
 .debug_abbrev  0x000000000000063e       0xd2 ./Core/Src/stm32f1xx_it.o
 .debug_abbrev  0x0000000000000710      0x14e ./Core/Src/system_stm32f1xx.o
 .debug_abbrev  0x000000000000085e       0x12 ./Core/Startup/startup_stm32f103c8tx.o
 .debug_abbrev  0x0000000000000870      0x1ed ./Drivers/STM32F1xx_HAL_Driver/Src/stm32f1xx_hal.o
 .debug_abbrev  0x0000000000000a5d      0x313 ./Drivers/STM32F1xx_HAL_Driver/Src/stm32f1xx_hal_cortex.o
 .debug_abbrev  0x0000000000000d70      0x1e8 ./Drivers/STM32F1xx_HAL_Driver/Src/stm32f1xx_hal_gpio.o
 .debug_abbrev  0x0000000000000f58      0x273 ./Drivers/STM32F1xx_HAL_Driver/Src/stm32f1xx_hal_rcc.o

.debug_aranges  0x0000000000000000      0x408
 .debug_aranges
                0x0000000000000000       0x38 ./Core/Src/AD9833.o
 .debug_aranges
                0x0000000000000038       0x38 ./Core/Src/main.o
 .debug_aranges
                0x0000000000000070       0x20 ./Core/Src/stm32f1xx_hal_msp.o
 .debug_aranges
                0x0000000000000090       0x60 ./Core/Src/stm32f1xx_it.o
 .debug_aranges
                0x00000000000000f0       0x28 ./Core/Src/system_stm32f1xx.o
 .debug_aranges
                0x0000000000000118       0x28 ./Core/Startup/startup_stm32f103c8tx.o
 .debug_aranges
                0x0000000000000140       0xe0 ./Drivers/STM32F1xx_HAL_Driver/Src/stm32f1xx_hal.o
 .debug_aranges
                0x0000000000000220      0x100 ./Drivers/STM32F1xx_HAL_Driver/Src/stm32f1xx_hal_cortex.o
 .debug_aranges
                0x0000000000000320       0x58 ./Drivers/STM32F1xx_HAL_Driver/Src/stm32f1xx_hal_gpio.o
 .debug_aranges
                0x0000000000000378       0x90 ./Drivers/STM32F1xx_HAL_Driver/Src/stm32f1xx_hal_rcc.o

.debug_ranges   0x0000000000000000      0x370
 .debug_ranges  0x0000000000000000       0x28 ./Core/Src/AD9833.o
 .debug_ranges  0x0000000000000028       0x28 ./Core/Src/main.o
 .debug_ranges  0x0000000000000050       0x10 ./Core/Src/stm32f1xx_hal_msp.o
 .debug_ranges  0x0000000000000060       0x50 ./Core/Src/stm32f1xx_it.o
 .debug_ranges  0x00000000000000b0       0x18 ./Core/Src/system_stm32f1xx.o
 .debug_ranges  0x00000000000000c8       0x20 ./Core/Startup/startup_stm32f103c8tx.o
 .debug_ranges  0x00000000000000e8       0xd0 ./Drivers/STM32F1xx_HAL_Driver/Src/stm32f1xx_hal.o
 .debug_ranges  0x00000000000001b8       0xf0 ./Drivers/STM32F1xx_HAL_Driver/Src/stm32f1xx_hal_cortex.o
 .debug_ranges  0x00000000000002a8       0x48 ./Drivers/STM32F1xx_HAL_Driver/Src/stm32f1xx_hal_gpio.o
 .debug_ranges  0x00000000000002f0       0x80 ./Drivers/STM32F1xx_HAL_Driver/Src/stm32f1xx_hal_rcc.o

.debug_macro    0x0000000000000000    0x169dc
 .debug_macro   0x0000000000000000      0x238 ./Core/Src/AD9833.o
 .debug_macro   0x0000000000000238      0xa9c ./Core/Src/AD9833.o
 .debug_macro   0x0000000000000cd4       0x22 ./Core/Src/AD9833.o
 .debug_macro   0x0000000000000cf6       0x4c ./Core/Src/AD9833.o
 .debug_macro   0x0000000000000d42       0x18 ./Core/Src/AD9833.o
 .debug_macro   0x0000000000000d5a       0x94 ./Core/Src/AD9833.o
 .debug_macro   0x0000000000000dee       0x3c ./Core/Src/AD9833.o
 .debug_macro   0x0000000000000e2a       0x34 ./Core/Src/AD9833.o
 .debug_macro   0x0000000000000e5e      0x174 ./Core/Src/AD9833.o
 .debug_macro   0x0000000000000fd2       0x16 ./Core/Src/AD9833.o
 .debug_macro   0x0000000000000fe8       0x43 ./Core/Src/AD9833.o
 .debug_macro   0x000000000000102b       0x57 ./Core/Src/AD9833.o
 .debug_macro   0x0000000000001082       0x34 ./Core/Src/AD9833.o
 .debug_macro   0x00000000000010b6       0x10 ./Core/Src/AD9833.o
 .debug_macro   0x00000000000010c6       0x58 ./Core/Src/AD9833.o
 .debug_macro   0x000000000000111e       0x71 ./Core/Src/AD9833.o
 .debug_macro   0x000000000000118f       0x1c ./Core/Src/AD9833.o
 .debug_macro   0x00000000000011ab      0x12a ./Core/Src/AD9833.o
 .debug_macro   0x00000000000012d5      0x339 ./Core/Src/AD9833.o
 .debug_macro   0x000000000000160e      0x1a9 ./Core/Src/AD9833.o
 .debug_macro   0x00000000000017b7      0x20f ./Core/Src/AD9833.o
 .debug_macro   0x00000000000019c6       0x2e ./Core/Src/AD9833.o
 .debug_macro   0x00000000000019f4       0x22 ./Core/Src/AD9833.o
 .debug_macro   0x0000000000001a16      0x103 ./Core/Src/AD9833.o
 .debug_macro   0x0000000000001b19       0x6a ./Core/Src/AD9833.o
 .debug_macro   0x0000000000001b83      0x1df ./Core/Src/AD9833.o
 .debug_macro   0x0000000000001d62       0x1c ./Core/Src/AD9833.o
 .debug_macro   0x0000000000001d7e       0x22 ./Core/Src/AD9833.o
 .debug_macro   0x0000000000001da0       0xbd ./Core/Src/AD9833.o
 .debug_macro   0x0000000000001e5d      0xd23 ./Core/Src/AD9833.o
 .debug_macro   0x0000000000002b80     0xe09e ./Core/Src/AD9833.o
 .debug_macro   0x0000000000010c1e       0x6d ./Core/Src/AD9833.o
 .debug_macro   0x0000000000010c8b     0x3468 ./Core/Src/AD9833.o
 .debug_macro   0x00000000000140f3       0x56 ./Core/Src/AD9833.o
 .debug_macro   0x0000000000014149      0x5be ./Core/Src/AD9833.o
 .debug_macro   0x0000000000014707      0x289 ./Core/Src/AD9833.o
 .debug_macro   0x0000000000014990      0x1cb ./Core/Src/AD9833.o
 .debug_macro   0x0000000000014b5b      0x114 ./Core/Src/AD9833.o
 .debug_macro   0x0000000000014c6f      0x1b2 ./Core/Src/AD9833.o
 .debug_macro   0x0000000000014e21       0x27 ./Core/Src/AD9833.o
 .debug_macro   0x0000000000014e48      0x136 ./Core/Src/AD9833.o
 .debug_macro   0x0000000000014f7e      0x1bc ./Core/Src/AD9833.o
 .debug_macro   0x000000000001513a       0x34 ./Core/Src/AD9833.o
 .debug_macro   0x000000000001516e       0x3c ./Core/Src/AD9833.o
 .debug_macro   0x00000000000151aa       0x57 ./Core/Src/AD9833.o
 .debug_macro   0x0000000000015201       0x88 ./Core/Src/AD9833.o
 .debug_macro   0x0000000000015289      0x241 ./Core/Src/AD9833.o
 .debug_macro   0x00000000000154ca      0x141 ./Core/Src/AD9833.o
 .debug_macro   0x000000000001560b       0x83 ./Core/Src/AD9833.o
 .debug_macro   0x000000000001568e       0x28 ./Core/Src/AD9833.o
 .debug_macro   0x00000000000156b6      0x248 ./Core/Src/main.o
 .debug_macro   0x00000000000158fe       0x8e ./Core/Src/main.o
 .debug_macro   0x000000000001598c       0x51 ./Core/Src/main.o
 .debug_macro   0x00000000000159dd       0xc3 ./Core/Src/main.o
 .debug_macro   0x0000000000015aa0       0x5c ./Core/Src/main.o
 .debug_macro   0x0000000000015afc       0x52 ./Core/Src/main.o
 .debug_macro   0x0000000000015b4e      0x333 ./Core/Src/main.o
 .debug_macro   0x0000000000015e81      0x18e ./Core/Src/stm32f1xx_hal_msp.o
 .debug_macro   0x000000000001600f      0x198 ./Core/Src/stm32f1xx_it.o
 .debug_macro   0x00000000000161a7      0x184 ./Core/Src/system_stm32f1xx.o
 .debug_macro   0x000000000001632b      0x1a8 ./Drivers/STM32F1xx_HAL_Driver/Src/stm32f1xx_hal.o
 .debug_macro   0x00000000000164d3      0x184 ./Drivers/STM32F1xx_HAL_Driver/Src/stm32f1xx_hal_cortex.o
 .debug_macro   0x0000000000016657      0x1ef ./Drivers/STM32F1xx_HAL_Driver/Src/stm32f1xx_hal_gpio.o
 .debug_macro   0x0000000000016846      0x196 ./Drivers/STM32F1xx_HAL_Driver/Src/stm32f1xx_hal_rcc.o

.debug_line     0x0000000000000000     0x51c0
 .debug_line    0x0000000000000000      0x878 ./Core/Src/AD9833.o
 .debug_line    0x0000000000000878      0xadb ./Core/Src/main.o
 .debug_line    0x0000000000001353      0x635 ./Core/Src/stm32f1xx_hal_msp.o
 .debug_line    0x0000000000001988      0x6f6 ./Core/Src/stm32f1xx_it.o
 .debug_line    0x000000000000207e      0x6b2 ./Core/Src/system_stm32f1xx.o
 .debug_line    0x0000000000002730       0x87 ./Core/Startup/startup_stm32f103c8tx.o
 .debug_line    0x00000000000027b7      0x8df ./Drivers/STM32F1xx_HAL_Driver/Src/stm32f1xx_hal.o
 .debug_line    0x0000000000003096      0xac7 ./Drivers/STM32F1xx_HAL_Driver/Src/stm32f1xx_hal_cortex.o
 .debug_line    0x0000000000003b5d      0x976 ./Drivers/STM32F1xx_HAL_Driver/Src/stm32f1xx_hal_gpio.o
 .debug_line    0x00000000000044d3      0xced ./Drivers/STM32F1xx_HAL_Driver/Src/stm32f1xx_hal_rcc.o

.debug_str      0x0000000000000000    0x7f489
 .debug_str     0x0000000000000000    0x7e2ba ./Core/Src/AD9833.o
                                      0x7e6c7 (size before relaxing)
 .debug_str     0x000000000007e2ba      0x255 ./Core/Src/main.o
                                      0x7e89e (size before relaxing)
 .debug_str     0x000000000007e50f       0x5a ./Core/Src/stm32f1xx_hal_msp.o
                                      0x7ac4a (size before relaxing)
 .debug_str     0x000000000007e569       0xbd ./Core/Src/stm32f1xx_it.o
                                      0x7ac67 (size before relaxing)
 .debug_str     0x000000000007e626       0x52 ./Core/Src/system_stm32f1xx.o
                                      0x7ac37 (size before relaxing)
 .debug_str     0x000000000007e678       0x36 ./Core/Startup/startup_stm32f103c8tx.o
                                         0x58 (size before relaxing)
 .debug_str     0x000000000007e6ae      0x568 ./Drivers/STM32F1xx_HAL_Driver/Src/stm32f1xx_hal.o
                                      0x7b2c8 (size before relaxing)
 .debug_str     0x000000000007ec16      0x300 ./Drivers/STM32F1xx_HAL_Driver/Src/stm32f1xx_hal_cortex.o
                                      0x7b2d0 (size before relaxing)
 .debug_str     0x000000000007ef16      0x324 ./Drivers/STM32F1xx_HAL_Driver/Src/stm32f1xx_hal_gpio.o
                                      0x7affb (size before relaxing)
 .debug_str     0x000000000007f23a      0x24f ./Drivers/STM32F1xx_HAL_Driver/Src/stm32f1xx_hal_rcc.o
                                      0x7b034 (size before relaxing)

.comment        0x0000000000000000       0x53
 .comment       0x0000000000000000       0x53 ./Core/Src/AD9833.o
                                         0x54 (size before relaxing)
 .comment       0x0000000000000053       0x54 ./Core/Src/main.o
 .comment       0x0000000000000053       0x54 ./Core/Src/stm32f1xx_hal_msp.o
 .comment       0x0000000000000053       0x54 ./Core/Src/stm32f1xx_it.o
 .comment       0x0000000000000053       0x54 ./Core/Src/system_stm32f1xx.o
 .comment       0x0000000000000053       0x54 ./Drivers/STM32F1xx_HAL_Driver/Src/stm32f1xx_hal.o
 .comment       0x0000000000000053       0x54 ./Drivers/STM32F1xx_HAL_Driver/Src/stm32f1xx_hal_cortex.o
 .comment       0x0000000000000053       0x54 ./Drivers/STM32F1xx_HAL_Driver/Src/stm32f1xx_hal_gpio.o
 .comment       0x0000000000000053       0x54 ./Drivers/STM32F1xx_HAL_Driver/Src/stm32f1xx_hal_rcc.o

.debug_frame    0x0000000000000000     0x1050
 .debug_frame   0x0000000000000000       0xa0 ./Core/Src/AD9833.o
 .debug_frame   0x00000000000000a0       0x90 ./Core/Src/main.o
 .debug_frame   0x0000000000000130       0x38 ./Core/Src/stm32f1xx_hal_msp.o
 .debug_frame   0x0000000000000168      0x104 ./Core/Src/stm32f1xx_it.o
 .debug_frame   0x000000000000026c       0x58 ./Core/Src/system_stm32f1xx.o
 .debug_frame   0x00000000000002c4      0x334 ./Drivers/STM32F1xx_HAL_Driver/Src/stm32f1xx_hal.o
 .debug_frame   0x00000000000005f8      0x428 ./Drivers/STM32F1xx_HAL_Driver/Src/stm32f1xx_hal_cortex.o
 .debug_frame   0x0000000000000a20      0x14c ./Drivers/STM32F1xx_HAL_Driver/Src/stm32f1xx_hal_gpio.o
 .debug_frame   0x0000000000000b6c      0x21c ./Drivers/STM32F1xx_HAL_Driver/Src/stm32f1xx_hal_rcc.o
 .debug_frame   0x0000000000000d88       0x2c c:/st/stm32cubeide_1.6.1/stm32cubeide/plugins/com.st.stm32cube.ide.mcu.externaltools.gnu-tools-for-stm32.9-2020-q2-update.win32_2.0.0.202105311346/tools/bin/../lib/gcc/arm-none-eabi/9.3.1/../../../../arm-none-eabi/lib/thumb/v7-m/nofp\libc_nano.a(lib_a-init.o)
 .debug_frame   0x0000000000000db4       0x20 c:/st/stm32cubeide_1.6.1/stm32cubeide/plugins/com.st.stm32cube.ide.mcu.externaltools.gnu-tools-for-stm32.9-2020-q2-update.win32_2.0.0.202105311346/tools/bin/../lib/gcc/arm-none-eabi/9.3.1/../../../../arm-none-eabi/lib/thumb/v7-m/nofp\libc_nano.a(lib_a-memset.o)
 .debug_frame   0x0000000000000dd4       0x24 c:/st/stm32cubeide_1.6.1/stm32cubeide/plugins/com.st.stm32cube.ide.mcu.externaltools.gnu-tools-for-stm32.9-2020-q2-update.win32_2.0.0.202105311346/tools/bin/../lib/gcc/arm-none-eabi/9.3.1/thumb/v7-m/nofp\libgcc.a(_arm_mulsf3.o)
 .debug_frame   0x0000000000000df8       0xac c:/st/stm32cubeide_1.6.1/stm32cubeide/plugins/com.st.stm32cube.ide.mcu.externaltools.gnu-tools-for-stm32.9-2020-q2-update.win32_2.0.0.202105311346/tools/bin/../lib/gcc/arm-none-eabi/9.3.1/thumb/v7-m/nofp\libgcc.a(_arm_addsubdf3.o)
 .debug_frame   0x0000000000000ea4       0x50 c:/st/stm32cubeide_1.6.1/stm32cubeide/plugins/com.st.stm32cube.ide.mcu.externaltools.gnu-tools-for-stm32.9-2020-q2-update.win32_2.0.0.202105311346/tools/bin/../lib/gcc/arm-none-eabi/9.3.1/thumb/v7-m/nofp\libgcc.a(_arm_muldivdf3.o)
 .debug_frame   0x0000000000000ef4       0x24 c:/st/stm32cubeide_1.6.1/stm32cubeide/plugins/com.st.stm32cube.ide.mcu.externaltools.gnu-tools-for-stm32.9-2020-q2-update.win32_2.0.0.202105311346/tools/bin/../lib/gcc/arm-none-eabi/9.3.1/thumb/v7-m/nofp\libgcc.a(_arm_fixdfsi.o)
 .debug_frame   0x0000000000000f18       0x4c c:/st/stm32cubeide_1.6.1/stm32cubeide/plugins/com.st.stm32cube.ide.mcu.externaltools.gnu-tools-for-stm32.9-2020-q2-update.win32_2.0.0.202105311346/tools/bin/../lib/gcc/arm-none-eabi/9.3.1/thumb/v7-m/nofp\libgcc.a(_arm_addsubsf3.o)
 .debug_frame   0x0000000000000f64       0xc8 c:/st/stm32cubeide_1.6.1/stm32cubeide/plugins/com.st.stm32cube.ide.mcu.externaltools.gnu-tools-for-stm32.9-2020-q2-update.win32_2.0.0.202105311346/tools/bin/../lib/gcc/arm-none-eabi/9.3.1/thumb/v7-m/nofp\libgcc.a(_arm_cmpsf2.o)
 .debug_frame   0x000000000000102c       0x24 c:/st/stm32cubeide_1.6.1/stm32cubeide/plugins/com.st.stm32cube.ide.mcu.externaltools.gnu-tools-for-stm32.9-2020-q2-update.win32_2.0.0.202105311346/tools/bin/../lib/gcc/arm-none-eabi/9.3.1/thumb/v7-m/nofp\libgcc.a(_arm_fixsfsi.o)
